     VMA      LMA     Size Align Out     In      Symbol
20000000 20000000        e     2 .text
20000000 20000000        e     2         /home/klimatt/klimatt_git/custom-riscv-playground/target/riscv32imac-unknown-none-elf/debug/deps/custom_riscv_playground-4bf64e9cd6648de9.2eflhpdqjhwcg4f2.rcgu.o:(.text.main)
20000000 20000000        0     1                 
20000000 20000000        0     1                 
20000000 20000000        0     1                 $x.0
20000000 20000000        0     1                 
20000000 20000000        e     1                 main
20000006 20000006        0     1                 
20000006 20000006        0     1                 
20000008 20000008        0     1                 
2000000a 2000000a        0     1                 
2000000e 2000000e        0     1                 
2000000e 2000000e        0     1                 
2000000e 2000000e        0     1                 
2000000e 2000000e        0     1                 
2000000e 2000000e        4     1 .test_var
2000000e 2000000e        4     1         LONG ( 0xDEADBEEF )
       0        0      14d     1 .debug_abbrev
       0        0      14d     1         /home/klimatt/klimatt_git/custom-riscv-playground/target/riscv32imac-unknown-none-elf/debug/deps/custom_riscv_playground-4bf64e9cd6648de9.2eflhpdqjhwcg4f2.rcgu.o:(.debug_abbrev)
       0        0        0     1                 $d.2
       0        0      658     1 .debug_info
       0        0      658     1         /home/klimatt/klimatt_git/custom-riscv-playground/target/riscv32imac-unknown-none-elf/debug/deps/custom_riscv_playground-4bf64e9cd6648de9.2eflhpdqjhwcg4f2.rcgu.o:(.debug_info)
       0        0        0     1                 
       0        0        0     1                 $d.3
       0        0       28     1 .debug_aranges
       0        0       28     1         /home/klimatt/klimatt_git/custom-riscv-playground/target/riscv32imac-unknown-none-elf/debug/deps/custom_riscv_playground-4bf64e9cd6648de9.2eflhpdqjhwcg4f2.rcgu.o:(.debug_aranges)
       0        0        0     1                 $d.4
       0        0       18     1 .debug_ranges
       0        0       18     1         /home/klimatt/klimatt_git/custom-riscv-playground/target/riscv32imac-unknown-none-elf/debug/deps/custom_riscv_playground-4bf64e9cd6648de9.2eflhpdqjhwcg4f2.rcgu.o:(.debug_ranges)
       0        0        0     1                 
       0        0        0     1                 $d.5
       0        0      4cf     1 .debug_str
       0        0      4cf     1         <internal>:(.debug_str)
       0        0       40     1 .comment
       0        0       40     1         <internal>:(.comment)
       0        0       2b     1 .riscv.attributes
       0        0       2b     1         <internal>:(.riscv.attributes)
       0        0       3c     4 .debug_frame
       0        0       3c     4         /home/klimatt/klimatt_git/custom-riscv-playground/target/riscv32imac-unknown-none-elf/debug/deps/custom_riscv_playground-4bf64e9cd6648de9.2eflhpdqjhwcg4f2.rcgu.o:(.debug_frame)
       0        0        0     1                 
       0        0        0     1                 $d.9
       0        0       6f     1 .debug_line
       0        0       6f     1         /home/klimatt/klimatt_git/custom-riscv-playground/target/riscv32imac-unknown-none-elf/debug/deps/custom_riscv_playground-4bf64e9cd6648de9.2eflhpdqjhwcg4f2.rcgu.o:(.debug_line)
       0        0        0     1                 .Lline_table_start0
       0        0        0     1                 $d.10
       0        0      770     4 .symtab
       0        0      770     4         <internal>:(.symtab)
       0        0       a1     1 .shstrtab
       0        0       a1     1         <internal>:(.shstrtab)
       0        0       5e     1 .strtab
       0        0       5e     1         <internal>:(.strtab)
